[1m[92m    Updating[0m crates.io index
[1m[92m Downloading[0m crates ...
[1m[92m  Downloaded[0m adler2 v2.0.1
[1m[92m  Downloaded[0m affn-derive v0.8.0
[1m[92m  Downloaded[0m alloca v0.4.0
[1m[92m  Downloaded[0m block-buffer v0.10.4
[1m[92m  Downloaded[0m affn v0.8.0
[1m[92m  Downloaded[0m crypto-common v0.1.7
[1m[92m  Downloaded[0m zerofrom-derive v0.1.7
[1m[92m  Downloaded[0m zeroize v1.9.0
[1m[92m  Downloaded[0m ciborium-io v0.2.2
[1m[92m  Downloaded[0m atomic-waker v1.1.2
[1m[92m  Downloaded[0m cfg_aliases v0.2.1
[1m[92m  Downloaded[0m approx v0.5.1
[1m[92m  Downloaded[0m zerocopy-derive v0.8.52
[1m[92m  Downloaded[0m zerofrom v0.1.8
[1m[92m  Downloaded[0m block-buffer v0.12.1
[1m[92m  Downloaded[0m cast v0.3.0
[1m[92m  Downloaded[0m cfg-if v1.0.4
[1m[92m  Downloaded[0m colorchoice v1.0.5
[1m[92m  Downloaded[0m futures-sink v0.3.32
[1m[92m  Downloaded[0m generic-array v0.14.7
[1m[92m  Downloaded[0m httpdate v1.0.3
[1m[92m  Downloaded[0m log v0.4.33
[1m[92m  Downloaded[0m crypto-common v0.2.2
[1m[92m  Downloaded[0m idna_adapter v1.2.2
[1m[92m  Downloaded[0m lru-slab v0.1.2
[1m[92m  Downloaded[0m autocfg v1.5.1
[1m[92m  Downloaded[0m ciborium v0.2.2
[1m[92m  Downloaded[0m predicates-core v1.0.10
[1m[92m  Downloaded[0m float-cmp v0.10.0
[1m[92m  Downloaded[0m percent-encoding v2.3.2
[1m[92m  Downloaded[0m predicates-tree v1.0.13
[1m[92m  Downloaded[0m cpufeatures v0.3.0
[1m[92m  Downloaded[0m difflib v0.4.0
[1m[92m  Downloaded[0m equivalent v1.0.2
[1m[92m  Downloaded[0m futures-core v0.3.32
[1m[92m  Downloaded[0m futures-io v0.3.32
[1m[92m  Downloaded[0m futures-task v0.3.32
[1m[92m  Downloaded[0m itoa v1.0.18
[1m[92m  Downloaded[0m anstream v1.0.0
[1m[92m  Downloaded[0m anstyle-parse v1.0.0
[1m[92m  Downloaded[0m clap_lex v1.1.0
[1m[92m  Downloaded[0m futures-macro v0.3.32
[1m[92m  Downloaded[0m oorandom v11.1.5
[1m[92m  Downloaded[0m potential_utf v0.1.5
[1m[92m  Downloaded[0m predicates v3.1.4
[1m[92m  Downloaded[0m http-body v1.0.1
[1m[92m  Downloaded[0m paste v1.0.15
[1m[92m  Downloaded[0m anstyle-query v1.1.5
[1m[92m  Downloaded[0m pin-project-lite v0.2.17
[1m[92m  Downloaded[0m tower-layer v0.3.3
[1m[92m  Downloaded[0m zerovec-derive v0.11.3
[1m[92m  Downloaded[0m heck v0.5.0
[1m[92m  Downloaded[0m assert_cmd v2.2.2
[1m[92m  Downloaded[0m form_urlencoded v1.2.2
[1m[92m  Downloaded[0m is_terminal_polyfill v1.70.2
[1m[92m  Downloaded[0m clap_derive v4.6.1
[1m[92m  Downloaded[0m ipnet v2.12.0
[1m[92m  Downloaded[0m bytes v1.12.1
[1m[92m  Downloaded[0m ciborium-ll v0.2.2
[1m[92m  Downloaded[0m digest v0.11.3
[1m[92m  Downloaded[0m find-msvc-tools v0.1.9
[1m[92m  Downloaded[0m hyper-rustls v0.27.9
[1m[92m  Downloaded[0m untrusted v0.9.0
[1m[92m  Downloaded[0m utf8_iter v1.0.4
[1m[92m  Downloaded[0m version_check v0.9.5
[1m[92m  Downloaded[0m qtty v0.8.5
[1m[92m  Downloaded[0m errno v0.3.14
[1m[92m  Downloaded[0m aho-corasick v1.1.4
[1m[92m  Downloaded[0m criterion-plot v0.8.2
[1m[92m  Downloaded[0m csv-core v0.1.13
[1m[92m  Downloaded[0m digest v0.10.7
[1m[92m  Downloaded[0m displaydoc v0.2.6
[1m[92m  Downloaded[0m wait-timeout v0.2.1
[1m[92m  Downloaded[0m anes v0.1.6
[1m[92m  Downloaded[0m chacha20 v0.10.1
[1m[92m  Downloaded[0m http-body-util v0.1.3
[1m[92m  Downloaded[0m icu_locale_core v2.2.0
[1m[92m  Downloaded[0m litemap v0.8.2
[1m[92m  Downloaded[0m stable_deref_trait v1.2.1
[1m[92m  Downloaded[0m termtree v0.5.1
[1m[92m  Downloaded[0m writeable v0.6.3
[1m[92m  Downloaded[0m yoke-derive v0.8.2
[1m[92m  Downloaded[0m anstyle v1.0.14
[1m[92m  Downloaded[0m bitflags v2.13.0
[1m[92m  Downloaded[0m futures-channel v0.3.32
[1m[92m  Downloaded[0m crc32fast v1.5.0
[1m[92m  Downloaded[0m tinyvec_macros v0.1.1
[1m[92m  Downloaded[0m try-lock v0.2.5
[1m[92m  Downloaded[0m walkdir v2.5.0
[1m[92m  Downloaded[0m subtle v2.6.1
[1m[92m  Downloaded[0m sync_wrapper v1.0.2
[1m[92m  Downloaded[0m either v1.16.0
[1m[92m  Downloaded[0m fastrand v2.4.1
[1m[92m  Downloaded[0m httparse v1.10.1
[1m[92m  Downloaded[0m iana-time-zone v0.1.65
[1m[92m  Downloaded[0m tower-service v0.3.3
[1m[92m  Downloaded[0m utf8parse v0.2.2
[1m[92m  Downloaded[0m want v0.3.1
[1m[92m  Downloaded[0m yoke v0.8.3
[1m[92m  Downloaded[0m anyhow v1.0.103
[1m[92m  Downloaded[0m const-oid v0.10.2
[1m[92m  Downloaded[0m icu_properties v2.2.0
[1m[92m  Downloaded[0m bytemuck v1.25.0
[1m[92m  Downloaded[0m clap v4.6.1
[1m[92m  Downloaded[0m getrandom v0.2.17
[1m[92m  Downloaded[0m half v2.7.1
[1m[92m  Downloaded[0m hybrid-array v0.4.13
[1m[92m  Downloaded[0m base64 v0.22.1
[1m[92m  Downloaded[0m getrandom v0.4.3
[1m[92m  Downloaded[0m hyper-util v0.1.20
[1m[92m  Downloaded[0m icu_normalizer_data v2.2.0
[1m[92m  Downloaded[0m icu_provider v2.2.0
[1m[92m  Downloaded[0m keplerian v0.2.1
[1m[92m  Downloaded[0m rustc-hash v2.1.3
[1m[92m  Downloaded[0m icu_normalizer v2.2.0
[1m[92m  Downloaded[0m normalize-line-endings v0.3.0
[1m[92m  Downloaded[0m serde_spanned v1.1.1
[1m[92m  Downloaded[0m serde_urlencoded v0.7.1
[1m[92m  Downloaded[0m rand_pcg v0.10.2
[1m[92m  Downloaded[0m cheby v0.4.0
[1m[92m  Downloaded[0m tokio-macros v2.7.0
[1m[92m  Downloaded[0m flate2 v1.1.9
[1m[92m  Downloaded[0m proc-macro2 v1.0.106
[1m[92m  Downloaded[0m thiserror-impl v2.0.18
[1m[92m  Downloaded[0m url v2.5.8
[1m[92m  Downloaded[0m cc v1.2.65
[1m[92m  Downloaded[0m icu_collections v2.2.0
[1m[92m  Downloaded[0m indexmap v2.14.0
[1m[92m  Downloaded[0m http v1.4.2
[1m[92m  Downloaded[0m criterion v0.8.2
[1m[92m  Downloaded[0m idna v1.1.0
[1m[92m  Downloaded[0m clap_builder v4.6.0
[1m[92m  Downloaded[0m hashbrown v0.17.1
[1m[92m  Downloaded[0m libm v0.2.16
[1m[92m  Downloaded[0m md-5 v0.10.6
[1m[92m  Downloaded[0m same-file v1.0.6
[1m[92m  Downloaded[0m strsim v0.11.1
[1m[92m  Downloaded[0m futures-util v0.3.32
[1m[92m  Downloaded[0m hyper v1.10.1
[1m[92m  Downloaded[0m icu_properties_data v2.2.0
[1m[92m  Downloaded[0m itertools v0.13.0
[1m[92m  Downloaded[0m page_size v0.6.0
[1m[92m  Downloaded[0m winnow v1.0.3
[1m[92m  Downloaded[0m qtty-derive v0.8.5
[1m[92m  Downloaded[0m webpki-roots v1.0.8
[1m[92m  Downloaded[0m shlex v2.0.1
[1m[92m  Downloaded[0m chrono v0.4.45
[1m[92m  Downloaded[0m zerocopy v0.8.52
[1m[92m  Downloaded[0m bstr v1.12.3
[1m[92m  Downloaded[0m zmij v1.0.21
[1m[92m  Downloaded[0m rand_core v0.10.1
[1m[92m  Downloaded[0m quinn-udp v0.5.15
[1m[92m  Downloaded[0m quote v1.0.46
[1m[92m  Downloaded[0m simd-adler32 v0.3.9
[1m[92m  Downloaded[0m synstructure v0.13.2
[1m[92m  Downloaded[0m tinystr v0.8.3
[1m[92m  Downloaded[0m libc v0.2.186
[1m[92m  Downloaded[0m csv v1.4.0
[1m[92m  Downloaded[0m slab v0.4.12
[1m[92m  Downloaded[0m toml_writer v1.1.1+spec-1.1.0
[1m[92m  Downloaded[0m tempoch v0.6.5
[1m[92m  Downloaded[0m rustls-pki-types v1.15.0
[1m[92m  Downloaded[0m sha2 v0.11.0
[1m[92m  Downloaded[0m thiserror v2.0.18
[1m[92m  Downloaded[0m toml_datetime v1.1.1+spec-1.1.0
[1m[92m  Downloaded[0m smallvec v1.15.2
[1m[92m  Downloaded[0m zerotrie v0.2.4
[1m[92m  Downloaded[0m miniz_oxide v0.8.9
[1m[92m  Downloaded[0m tokio-rustls v0.26.4
[1m[92m  Downloaded[0m tinytemplate v1.2.1
[1m[92m  Downloaded[0m ryu v1.0.23
[1m[92m  Downloaded[0m tinyvec v1.12.0
[1m[92m  Downloaded[0m toml v1.1.2+spec-1.1.0
[1m[92m  Downloaded[0m toml_parser v1.1.2+spec-1.1.0
[1m[92m  Downloaded[0m tracing-core v0.1.36
[1m[92m  Downloaded[0m unicode-ident v1.0.24
[1m[92m  Downloaded[0m num-traits v0.2.19
[1m[92m  Downloaded[0m once_cell v1.21.4
[1m[92m  Downloaded[0m principia v0.2.1
[1m[92m  Downloaded[0m serde_core v1.0.228
[1m[92m  Downloaded[0m serde_derive v1.0.228
[1m[92m  Downloaded[0m socket2 v0.6.4
[1m[92m  Downloaded[0m tempfile v3.27.0
[1m[92m  Downloaded[0m optica v0.2.0
[1m[92m  Downloaded[0m mio v1.2.1
[1m[92m  Downloaded[0m quinn v0.11.11
[1m[92m  Downloaded[0m safe_arch v1.0.0
[1m[92m  Downloaded[0m serde v1.0.228
[1m[92m  Downloaded[0m rustls-webpki v0.103.13
[1m[92m  Downloaded[0m tempoch-core v0.6.5
[1m[92m  Downloaded[0m memchr v2.8.2
[1m[92m  Downloaded[0m typenum v1.20.1
[1m[92m  Downloaded[0m qtty-core v0.8.5
[1m[92m  Downloaded[0m rand v0.10.2
[1m[92m  Downloaded[0m tower v0.5.3
[1m[92m  Downloaded[0m tokio-util v0.7.18
[1m[92m  Downloaded[0m linux-raw-sys v0.12.1
[1m[92m  Downloaded[0m serde_json v1.0.150
[1m[92m  Downloaded[0m tower-http v0.6.11
[1m[92m  Downloaded[0m zerovec v0.11.6
[1m[92m  Downloaded[0m regex v1.12.4
[1m[92m  Downloaded[0m wide v1.5.0
[1m[92m  Downloaded[0m reqwest v0.12.28
[1m[92m  Downloaded[0m quick-xml v0.41.0
[1m[92m  Downloaded[0m quinn-proto v0.11.16
[1m[92m  Downloaded[0m syn v2.0.118
[1m[92m  Downloaded[0m regex-syntax v0.8.11
[1m[92m  Downloaded[0m rustls v0.23.41
[1m[92m  Downloaded[0m rustix v1.1.4
[1m[92m  Downloaded[0m tracing v0.1.44
[1m[92m  Downloaded[0m regex-automata v0.4.14
[1m[92m  Downloaded[0m siderust v0.11.0
[1m[92m  Downloaded[0m tokio v1.52.3
[1m[92m  Downloaded[0m ring v0.17.14
[1m[92m  Downloaded[0m siderust-archive v0.1.4
[1m[92m   Compiling[0m proc-macro2 v1.0.106
[1m[92m   Compiling[0m quote v1.0.46
[1m[92m   Compiling[0m unicode-ident v1.0.24
[1m[92m   Compiling[0m serde_core v1.0.228
[1m[92m   Compiling[0m syn v2.0.118
[1m[92m    Checking[0m cfg-if v1.0.4
[1m[92m   Compiling[0m libc v0.2.186
[1m[92m    Checking[0m typenum v1.20.1
[1m[92m   Compiling[0m serde v1.0.228
[1m[92m   Compiling[0m autocfg v1.5.1
[1m[92m    Checking[0m itoa v1.0.18
[1m[92m   Compiling[0m num-traits v0.2.19
[1m[92m    Checking[0m memchr v2.8.2
[1m[92m   Compiling[0m libm v0.2.16
[1m[92m   Compiling[0m serde_derive v1.0.228
[1m[92m   Compiling[0m hybrid-array v0.4.13
[1m[92m   Compiling[0m qtty-derive v0.8.5
[1m[92m   Compiling[0m anyhow v1.0.103
[1m[92m    Checking[0m qtty-core v0.8.5
[1m[92m   Compiling[0m find-msvc-tools v0.1.9
[1m[92m   Compiling[0m shlex v2.0.1
[1m[92m   Compiling[0m cc v1.2.65
[1m[92m   Compiling[0m aho-corasick v1.1.4
[1m[92m   Compiling[0m block-buffer v0.12.1
[1m[92m   Compiling[0m crypto-common v0.2.2
[1m[92m   Compiling[0m const-oid v0.10.2
[1m[92m   Compiling[0m regex-syntax v0.8.11
[1m[92m   Compiling[0m regex-automata v0.4.14
[1m[92m   Compiling[0m digest v0.11.3
[1m[92m   Compiling[0m cpufeatures v0.3.0
[1m[92m   Compiling[0m same-file v1.0.6
[1m[92m   Compiling[0m walkdir v2.5.0
[1m[92m   Compiling[0m sha2 v0.11.0
[1m[92m   Compiling[0m regex v1.12.4
[1m[92m   Compiling[0m affn-derive v0.8.0
[1m[92m    Checking[0m winnow v1.0.3
[1m[92m    Checking[0m toml_parser v1.1.2+spec-1.1.0
[1m[92m   Compiling[0m siderust-archive v0.1.4
[1m[92m    Checking[0m serde_spanned v1.1.1
[1m[92m    Checking[0m toml_datetime v1.1.1+spec-1.1.0
[1m[92m   Compiling[0m zmij v1.0.21
[1m[92m    Checking[0m toml_writer v1.1.1+spec-1.1.0
[1m[92m    Checking[0m iana-time-zone v0.1.65
[1m[92m   Compiling[0m thiserror v2.0.18
[1m[92m    Checking[0m chrono v0.4.45
[1m[92m    Checking[0m toml v1.1.2+spec-1.1.0
[1m[92m   Compiling[0m thiserror-impl v2.0.18
[1m[92m   Compiling[0m synstructure v0.13.2
[1m[92m    Checking[0m anstyle v1.0.14
[1m[92m   Compiling[0m serde_json v1.0.150
[1m[92m    Checking[0m bitflags v2.13.0
[1m[92m    Checking[0m utf8parse v0.2.2
[1m[92m    Checking[0m anstyle-parse v1.0.0
[1m[92m   Compiling[0m zerofrom-derive v0.1.7
[1m[92m    Checking[0m anstyle-query v1.1.5
[1m[92m    Checking[0m bytemuck v1.25.0
[1m[92m    Checking[0m is_terminal_polyfill v1.70.2
[1m[92m    Checking[0m colorchoice v1.0.5
[1m[92m    Checking[0m ryu v1.0.23
[1m[92m   Compiling[0m paste v1.0.15
[1m[92m    Checking[0m anstream v1.0.0
[1m[92m    Checking[0m safe_arch v1.0.0
[1m[92m    Checking[0m zerofrom v0.1.8
[1m[92m   Compiling[0m yoke-derive v0.8.2
[1m[92m    Checking[0m strsim v0.11.1
[1m[92m   Compiling[0m heck v0.5.0
[1m[92m    Checking[0m stable_deref_trait v1.2.1
[1m[92m    Checking[0m clap_lex v1.1.0
[1m[92m    Checking[0m clap_builder v4.6.0
[1m[92m    Checking[0m yoke v0.8.3
[1m[92m   Compiling[0m clap_derive v4.6.1
[1m[92m   Compiling[0m nsb v0.1.0 (/home/runner/work/NSB/NSB/crates/nsb)
[1m[92m    Checking[0m wide v1.5.0
[1m[92m    Checking[0m approx v0.5.1
[1m[92m    Checking[0m csv-core v0.1.13
[1m[92m    Checking[0m quick-xml v0.41.0
[1m[92m    Checking[0m log v0.4.33
[1m[92m    Checking[0m csv v1.4.0
[1m[92m    Checking[0m clap v4.6.1
[1m[92m   Compiling[0m zerovec-derive v0.11.3
[1m[92m    Checking[0m zerovec v0.11.6
[1m[92m   Compiling[0m displaydoc v0.2.6
[1m[92m    Checking[0m pin-project-lite v0.2.17
[1m[92m    Checking[0m bytes v1.12.1
[1m[92m    Checking[0m futures-core v0.3.32
[1m[92m    Checking[0m once_cell v1.21.4
[1m[92m    Checking[0m tinystr v0.8.3
[1m[92m   Compiling[0m tokio-macros v2.7.0
[1m[92m    Checking[0m socket2 v0.6.4
[1m[92m    Checking[0m mio v1.2.1
[1m[92m    Checking[0m litemap v0.8.2
[1m[92m    Checking[0m smallvec v1.15.2
[1m[92m    Checking[0m writeable v0.6.3
[1m[92m    Checking[0m icu_locale_core v2.2.0
[1m[92m    Checking[0m tokio v1.52.3
[1m[92m    Checking[0m zerotrie v0.2.4
[1m[92m    Checking[0m potential_utf v0.1.5
[1m[92m   Compiling[0m ring v0.17.14
[1m[92m    Checking[0m utf8_iter v1.0.4
[1m[92m   Compiling[0m icu_normalizer_data v2.2.0
[1m[92m   Compiling[0m icu_properties_data v2.2.0
[1m[92m    Checking[0m icu_collections v2.2.0
[1m[92m    Checking[0m icu_provider v2.2.0
[1m[92m    Checking[0m http v1.4.2
[1m[92m    Checking[0m zeroize v1.9.0
[1m[92m    Checking[0m percent-encoding v2.3.2
[1m[92m   Compiling[0m version_check v0.9.5
[1m[92m   Compiling[0m generic-array v0.14.7
[1m[92m    Checking[0m rustls-pki-types v1.15.0
[1m[92m    Checking[0m http-body v1.0.1
[1m[92m   Compiling[0m futures-macro v0.3.32
[1m[92m    Checking[0m getrandom v0.2.17
[1m[92m    Checking[0m futures-task v0.3.32
[1m[92m    Checking[0m untrusted v0.9.0
[1m[92m   Compiling[0m httparse v1.10.1
[1m[92m    Checking[0m slab v0.4.12
[1m[92m    Checking[0m futures-util v0.3.32
[1m[92m    Checking[0m icu_properties v2.2.0
[1m[92m    Checking[0m icu_normalizer v2.2.0
[1m[92m    Checking[0m tower-service v0.3.3
[1m[92m    Checking[0m try-lock v0.2.5
[1m[92m   Compiling[0m rustls v0.23.41
[1m[92m    Checking[0m want v0.3.1
[1m[92m    Checking[0m idna_adapter v1.2.2
[1m[92m    Checking[0m rustls-webpki v0.103.13
[1m[92m    Checking[0m form_urlencoded v1.2.2
[1m[92m    Checking[0m tracing-core v0.1.36
[1m[92m    Checking[0m futures-channel v0.3.32
[1m[92m    Checking[0m atomic-waker v1.1.2
[1m[92m    Checking[0m subtle v2.6.1
[1m[92m    Checking[0m hyper v1.10.1
[1m[92m    Checking[0m tracing v0.1.44
[1m[92m    Checking[0m idna v1.1.0
[1m[92m    Checking[0m sync_wrapper v1.0.2
[1m[92m    Checking[0m ipnet v2.12.0
[1m[92m    Checking[0m tower-layer v0.3.3
[1m[92m   Compiling[0m crc32fast v1.5.0
[1m[92m    Checking[0m base64 v0.22.1
[1m[92m    Checking[0m hyper-util v0.1.20
[1m[92m    Checking[0m tower v0.5.3
[1m[92m    Checking[0m url v2.5.8
[1m[92m    Checking[0m tokio-rustls v0.26.4
[1m[92m    Checking[0m block-buffer v0.10.4
[1m[92m    Checking[0m crypto-common v0.1.7
[1m[92m    Checking[0m webpki-roots v1.0.8
[1m[92m    Checking[0m simd-adler32 v0.3.9
[1m[92m    Checking[0m adler2 v2.0.1
[1m[92m    Checking[0m futures-sink v0.3.32
[1m[92m    Checking[0m tokio-util v0.7.18
[1m[92m    Checking[0m miniz_oxide v0.8.9
[1m[92m    Checking[0m hyper-rustls v0.27.9
[1m[92m    Checking[0m digest v0.10.7
[1m[92m    Checking[0m tower-http v0.6.11
[1m[92m    Checking[0m serde_urlencoded v0.7.1
[1m[92m    Checking[0m http-body-util v0.1.3
[1m[92m    Checking[0m reqwest v0.12.28
[1m[92m    Checking[0m flate2 v1.1.9
[1m[92m    Checking[0m md-5 v0.10.6
[1m[92m    Checking[0m httpdate v1.0.3
[1m[92m   Compiling[0m getrandom v0.4.3
[1m[92m   Compiling[0m rustix v1.1.4
[1m[92m    Checking[0m linux-raw-sys v0.12.1
[1m[92m    Checking[0m fastrand v2.4.1
[1m[92m    Checking[0m tempfile v3.27.0
[1m[92m    Checking[0m qtty v0.8.5
[1m[92m    Checking[0m affn v0.8.0
[1m[92m    Checking[0m optica v0.2.0
[1m[92m    Checking[0m keplerian v0.2.1
[1m[92m    Checking[0m cheby v0.4.0
[1m[92m   Compiling[0m zerocopy v0.8.52
[1m[92m   Compiling[0m zerocopy-derive v0.8.52
[1m[92m    Checking[0m half v2.7.1
[1m[92m   Compiling[0m alloca v0.4.0
[1m[92m    Checking[0m either v1.16.0
[1m[92m    Checking[0m ciborium-io v0.2.2
[1m[92m    Checking[0m ciborium-ll v0.2.2
[1m[92m    Checking[0m itertools v0.13.0
[1m[92m    Checking[0m cast v0.3.0
[1m[92m    Checking[0m criterion-plot v0.8.2
[1m[92m    Checking[0m ciborium v0.2.2
[1m[92m    Checking[0m tinytemplate v1.2.1
[1m[92m    Checking[0m page_size v0.6.0
[1m[92m    Checking[0m anes v0.1.6
[1m[92m    Checking[0m oorandom v11.1.5
[1m[92m    Checking[0m criterion v0.8.2
[1m[92m    Checking[0m predicates-core v1.0.10
[1m[92m    Checking[0m float-cmp v0.10.0
[1m[92m    Checking[0m difflib v0.4.0
[1m[92m    Checking[0m normalize-line-endings v0.3.0
[1m[92m    Checking[0m termtree v0.5.1
[1m[92m   Compiling[0m assert_cmd v2.2.2
[1m[92m    Checking[0m predicates-tree v1.0.13
[1m[92m    Checking[0m predicates v3.1.4
[1m[92m    Checking[0m bstr v1.12.3
[1m[92m    Checking[0m wait-timeout v0.2.1
[1m[92m    Checking[0m tempoch-core v0.6.5
[1m[92m    Checking[0m tempoch v0.6.5
[1m[92m    Checking[0m principia v0.2.1
[1m[92m    Checking[0m siderust v0.11.0
[1m[92m    Checking[0m nsb-data-tools v0.1.0 (/home/runner/work/NSB/NSB/crates/nsb-data-tools)
[1m[92m    Checking[0m nsb-cli v0.1.0 (/home/runner/work/NSB/NSB/crates/nsb-cli)
[1m[91merror[0m[1m: `parsed` is never smaller than `0` and has therefore no effect[0m
   [1m[94m--> [0mcrates/nsb-data-tools/src/starlight/xp_continuous/run_bulk_pipeline.rs:711:20
    [1m[94m|[0m
[1m[94m711[0m [1m[94m|[0m             return parsed.max(0);
    [1m[94m|[0m                    [1m[91m^^^^^^^^^^^^^[0m [1m[91mhelp: try: `parsed`[0m
    [1m[94m|[0m
    [1m[94m= [0m[1mhelp[0m: for further information visit https://rust-lang.github.io/rust-clippy/rust-1.97.0/index.html#unnecessary_min_or_max
    [1m[94m= [0m[1mnote[0m: `-D clippy::unnecessary-min-or-max` implied by `-D warnings`
    [1m[94m= [0m[1mhelp[0m: to override `-D warnings` add `#[allow(clippy::unnecessary_min_or_max)]`

[1m[91merror[0m[1m: very complex type used. Consider factoring parts into `type` definitions[0m
    [1m[94m--> [0mcrates/nsb-data-tools/src/starlight/xp_continuous/run_bulk_pipeline.rs:1144:24
     [1m[94m|[0m
[1m[94m1144[0m [1m[94m|[0m             |scope| -> Result<Vec<(usize, Option<ProductionStreamMetrics>, Option<String>)>> {
     [1m[94m|[0m                        [1m[91m^^^^^^^^^^^^^^^^^^^^^^^^^^^^^^^^^^^^^^^^^^^^^^^^^^^^^^^^^^^^^^^^^^^^^[0m
     [1m[94m|[0m
     [1m[94m= [0m[1mhelp[0m: for further information visit https://rust-lang.github.io/rust-clippy/rust-1.97.0/index.html#type_complexity
     [1m[94m= [0m[1mnote[0m: `-D clippy::type-complexity` implied by `-D warnings`
     [1m[94m= [0m[1mhelp[0m: to override `-D warnings` add `#[allow(clippy::type_complexity)]`

[1m[91merror[0m[1m: this function has too many arguments (8/7)[0m
    [1m[94m--> [0mcrates/nsb-data-tools/src/starlight/xp_continuous/run_bulk_pipeline.rs:1400:1
     [1m[94m|[0m
[1m[94m1400[0m [1m[94m|[0m [1m[91m/[0m fn run_production_stream(
[1m[94m1401[0m [1m[94m|[0m [1m[91m|[0m     bulk_gz: &Path,
[1m[94m1402[0m [1m[94m|[0m [1m[91m|[0m     output_dir: &Path,
[1m[94m1403[0m [1m[94m|[0m [1m[91m|[0m     row_limit: usize,
[1m[94m...[0m    [1m[91m|[0m
[1m[94m1408[0m [1m[94m|[0m [1m[91m|[0m     args: &Args,
[1m[94m1409[0m [1m[94m|[0m [1m[91m|[0m ) -> Result<ProductionStreamMetrics> {
     [1m[94m|[0m [1m[91m|____________________________________^[0m
     [1m[94m|[0m
     [1m[94m= [0m[1mhelp[0m: for further information visit https://rust-lang.github.io/rust-clippy/rust-1.97.0/index.html#too_many_arguments
     [1m[94m= [0m[1mnote[0m: `-D clippy::too-many-arguments` implied by `-D warnings`
     [1m[94m= [0m[1mhelp[0m: to override `-D warnings` add `#[allow(clippy::too_many_arguments)]`

[1m[91merror[0m[1m: try not to call a closure in the expression where it is declared[0m
   [1m[94m--> [0mcrates/nsb-data-tools/src/starlight/xp_continuous/run_mini_pilot.rs:552:20
    [1m[94m|[0m
[1m[94m552[0m [1m[94m|[0m       let outcomes = (|| -> Result<HashMap<String, ReconstructionOutcome>> {
    [1m[94m|[0m [1m[91m ____________________^[0m
[1m[94m553[0m [1m[94m|[0m [1m[91m|[0m         let mut outcomes = HashMap::with_capacity(records.len());
[1m[94m554[0m [1m[94m|[0m [1m[91m|[0m         for record in &records {
[1m[94m555[0m [1m[94m|[0m [1m[91m|[0m             match calibrator.calibrate_record(record) {
[1m[94m...[0m   [1m[91m|[0m
[1m[94m573[0m [1m[94m|[0m [1m[91m|[0m         Ok(outcomes)
[1m[94m574[0m [1m[94m|[0m [1m[91m|[0m     })();
    [1m[94m|[0m [1m[91m|________^[0m
    [1m[94m|[0m
    [1m[94m= [0m[1mhelp[0m: for further information visit https://rust-lang.github.io/rust-clippy/rust-1.97.0/index.html#redundant_closure_call
    [1m[94m= [0m[1mnote[0m: `-D clippy::redundant-closure-call` implied by `-D warnings`
    [1m[94m= [0m[1mhelp[0m: to override `-D warnings` add `#[allow(clippy::redundant_closure_call)]`
[1m[96mhelp[0m: try doing something like
    [1m[94m|[0m
[1m[94m552[0m [92m~ [0m    let outcomes = [92m{[0m
[1m[94m553[0m [92m+         let mut outcomes = HashMap::with_capacity(records.len());[0m
[1m[94m554[0m [92m+         for record in &records {[0m
[1m[94m555[0m [92m+             match calibrator.calibrate_record(record) {[0m
[1m[94m556[0m [92m+                 Ok(flux) => {[0m
[1m[94m557[0m [92m+                     outcomes.insert([0m
[1m[94m558[0m [92m+                         record.source_id.clone(),[0m
[1m[94m559[0m [92m+                         ReconstructionOutcome {[0m
[1m[94m560[0m [92m+                             flux: flux.flux_336_650_ph_m2_s,[0m
[1m[94m561[0m [92m+                             uncertainty: flux.statistical_uncertainty_336_650_ph_m2_s,[0m
[1m[94m562[0m [92m+                         },[0m
[1m[94m563[0m [92m+                     );[0m
[1m[94m564[0m [92m+                 }[0m
[1m[94m565[0m [92m+                 Err(error) => {[0m
[1m[94m566[0m [92m+                     eprintln!([0m
[1m[94m567[0m [92m+                         "Rust calibration failed for {}: {error:#}",[0m
[1m[94m568[0m [92m+                         record.source_id[0m
[1m[94m569[0m [92m+                     );[0m
[1m[94m570[0m [92m+                 }[0m
[1m[94m571[0m [92m+             }[0m
[1m[94m572[0m [92m+         }[0m
[1m[94m573[0m [92m+         Ok(outcomes)[0m
[1m[94m574[0m [92m~     }[0m;
    [1m[94m|[0m

[1m[91merror[0m: could not compile `nsb-data-tools` (lib) due to 4 previous errors
[1m[33mwarning[0m: build failed, waiting for other jobs to finish...
[1m[91merror[0m: could not compile `nsb-data-tools` (lib test) due to 4 previous errors

exit_status=101
