[1m[32m  Downloaded[0m clap_derive v4.6.1
[1m[32m  Downloaded[0m autocfg v1.5.1
[1m[32m  Downloaded[0m sync_wrapper v1.0.2
[1m[32m  Downloaded[0m subtle v2.6.1
[1m[32m  Downloaded[0m rand_core v0.10.1
[1m[32m  Downloaded[0m once_cell v1.21.4
[1m[32m  Downloaded[0m litemap v0.8.2
[1m[32m  Downloaded[0m ipnet v2.12.0
[1m[32m  Downloaded[0m iana-time-zone v0.1.65
[1m[32m  Downloaded[0m httparse v1.10.1
[1m[32m  Downloaded[0m chacha20 v0.10.1
[1m[32m  Downloaded[0m paste v1.0.15
[1m[32m  Downloaded[0m getrandom v0.2.17
[1m[32m  Downloaded[0m futures-core v0.3.32
[1m[32m  Downloaded[0m futures-channel v0.3.32
[1m[32m  Downloaded[0m displaydoc v0.2.6
[1m[32m  Downloaded[0m cpufeatures v0.3.0
[1m[32m  Downloaded[0m rustc-hash v2.1.3
[1m[32m  Downloaded[0m qtty-derive v0.8.5
[1m[32m  Downloaded[0m potential_utf v0.1.5
[1m[32m  Downloaded[0m find-msvc-tools v0.1.9
[1m[32m  Downloaded[0m fastrand v2.4.1
[1m[32m  Downloaded[0m digest v0.11.3
[1m[32m  Downloaded[0m digest v0.10.7
[1m[32m  Downloaded[0m percent-encoding v2.3.2
[1m[32m  Downloaded[0m block-buffer v0.10.4
[1m[32m  Downloaded[0m is_terminal_polyfill v1.70.2
[1m[32m  Downloaded[0m idna_adapter v1.2.2
[1m[32m  Downloaded[0m heck v0.5.0
[1m[32m  Downloaded[0m httpdate v1.0.3
[1m[32m  Downloaded[0m generic-array v0.14.7
[1m[32m  Downloaded[0m clap_lex v1.1.0
[1m[32m  Downloaded[0m crypto-common v0.1.7
[1m[32m  Downloaded[0m linux-raw-sys v0.12.1
[1m[32m  Downloaded[0m siderust-archive v0.1.4
[1m[32m   Compiling[0m proc-macro2 v1.0.106
[1m[32m   Compiling[0m quote v1.0.46
[1m[32m   Compiling[0m unicode-ident v1.0.24
[1m[32m   Compiling[0m typenum v1.20.1
[1m[32m   Compiling[0m serde_core v1.0.228
[1m[32m   Compiling[0m cfg-if v1.0.4
[1m[32m   Compiling[0m libc v0.2.186
[1m[32m   Compiling[0m serde v1.0.228
[1m[32m   Compiling[0m syn v2.0.118
[1m[32m   Compiling[0m stable_deref_trait v1.2.1
[1m[32m   Compiling[0m libm v0.2.16
[1m[32m   Compiling[0m itoa v1.0.18
[1m[32m   Compiling[0m hybrid-array v0.4.13
[1m[32m   Compiling[0m pin-project-lite v0.2.17
[1m[32m   Compiling[0m bytes v1.12.1
[1m[32m   Compiling[0m autocfg v1.5.1
[1m[32m   Compiling[0m winnow v1.0.3
[1m[32m   Compiling[0m memchr v2.8.2
[1m[32m   Compiling[0m futures-core v0.3.32
[1m[32m   Compiling[0m num-traits v0.2.19
[1m[32m   Compiling[0m toml_parser v1.1.2+spec-1.1.0
[1m[32m   Compiling[0m crypto-common v0.2.2
[1m[32m   Compiling[0m aho-corasick v1.1.4
[1m[32m   Compiling[0m block-buffer v0.12.1
[1m[32m   Compiling[0m anyhow v1.0.103
[1m[32m   Compiling[0m toml_writer v1.1.1+spec-1.1.0
[1m[32m   Compiling[0m const-oid v0.10.2
[1m[32m   Compiling[0m synstructure v0.13.2
[1m[32m   Compiling[0m find-msvc-tools v0.1.9
[1m[32m   Compiling[0m shlex v2.0.1
[1m[32m   Compiling[0m regex-syntax v0.8.11
[1m[32m   Compiling[0m cc v1.2.65
[1m[32m   Compiling[0m digest v0.11.3
[1m[32m   Compiling[0m mio v1.2.1
[1m[32m   Compiling[0m socket2 v0.6.4
[1m[32m   Compiling[0m serde_derive v1.0.228
[1m[32m   Compiling[0m zerofrom-derive v0.1.7
[1m[32m   Compiling[0m yoke-derive v0.8.2
[1m[32m   Compiling[0m zerovec-derive v0.11.3
[1m[32m   Compiling[0m displaydoc v0.2.6
[1m[32m   Compiling[0m zerofrom v0.1.8
[1m[32m   Compiling[0m yoke v0.8.3
[1m[32m   Compiling[0m qtty-derive v0.8.5
[1m[32m   Compiling[0m regex-automata v0.4.14
[1m[32m   Compiling[0m zerovec v0.11.6
[1m[32m   Compiling[0m tokio-macros v2.7.0
[1m[32m   Compiling[0m tinystr v0.8.3
[1m[32m   Compiling[0m same-file v1.0.6
[1m[32m   Compiling[0m litemap v0.8.2
[1m[32m   Compiling[0m writeable v0.6.3
[1m[32m   Compiling[0m cpufeatures v0.3.0
[1m[32m   Compiling[0m smallvec v1.15.2
[1m[32m   Compiling[0m icu_locale_core v2.2.0
[1m[32m   Compiling[0m sha2 v0.11.0
[1m[32m   Compiling[0m qtty-core v0.8.5
[1m[32m   Compiling[0m regex v1.12.4
[1m[32m   Compiling[0m tokio v1.52.3
[1m[32m   Compiling[0m walkdir v2.5.0
[1m[32m   Compiling[0m potential_utf v0.1.5
[1m[32m   Compiling[0m zerotrie v0.2.4
[1m[32m   Compiling[0m ring v0.17.14
[1m[32m   Compiling[0m affn-derive v0.8.0
[1m[32m   Compiling[0m utf8_iter v1.0.4
[1m[32m   Compiling[0m icu_properties_data v2.2.0
[1m[32m   Compiling[0m icu_normalizer_data v2.2.0
[1m[32m   Compiling[0m once_cell v1.21.4
[1m[32m   Compiling[0m icu_collections v2.2.0
[1m[32m   Compiling[0m siderust-archive v0.1.4
[1m[32m   Compiling[0m icu_provider v2.2.0
[1m[32m   Compiling[0m http v1.4.2
[1m[32m   Compiling[0m serde_spanned v1.1.1
[1m[32m   Compiling[0m toml_datetime v1.1.1+spec-1.1.0
[1m[32m   Compiling[0m version_check v0.9.5
[1m[32m   Compiling[0m thiserror v2.0.18
[1m[32m   Compiling[0m percent-encoding v2.3.2
[1m[32m   Compiling[0m iana-time-zone v0.1.65
[1m[32m   Compiling[0m zeroize v1.9.0
[1m[32m   Compiling[0m chrono v0.4.45
[1m[32m   Compiling[0m rustls-pki-types v1.15.0
[1m[32m   Compiling[0m generic-array v0.14.7
[1m[32m   Compiling[0m http-body v1.0.1
[1m[32m   Compiling[0m toml v1.1.2+spec-1.1.0
[1m[32m   Compiling[0m futures-macro v0.3.32
[1m[32m   Compiling[0m thiserror-impl v2.0.18
[1m[32m   Compiling[0m getrandom v0.2.17
[1m[32m   Compiling[0m slab v0.4.12
[1m[32m   Compiling[0m httparse v1.10.1
[1m[32m   Compiling[0m futures-task v0.3.32
[1m[32m   Compiling[0m untrusted v0.9.0
[1m[32m   Compiling[0m futures-util v0.3.32
[1m[32m   Compiling[0m icu_normalizer v2.2.0
[1m[32m   Compiling[0m icu_properties v2.2.0
[1m[32m   Compiling[0m rustls v0.23.41
[1m[32m   Compiling[0m try-lock v0.2.5
[1m[32m   Compiling[0m tower-service v0.3.3
[1m[32m   Compiling[0m zmij v1.0.21
[1m[32m   Compiling[0m bitflags v2.13.0
[1m[32m   Compiling[0m idna_adapter v1.2.2
[1m[32m   Compiling[0m want v0.3.1
[1m[32m   Compiling[0m form_urlencoded v1.2.2
[1m[32m   Compiling[0m tracing-core v0.1.36
[1m[32m   Compiling[0m futures-channel v0.3.32
[1m[32m   Compiling[0m bytemuck v1.25.0
[1m[32m   Compiling[0m paste v1.0.15
[1m[32m   Compiling[0m subtle v2.6.1
[1m[32m   Compiling[0m utf8parse v0.2.2
[1m[32m   Compiling[0m serde_json v1.0.150
[1m[32m   Compiling[0m ryu v1.0.23
[1m[32m   Compiling[0m atomic-waker v1.1.2
[1m[32m   Compiling[0m anstyle-parse v1.0.0
[1m[32m   Compiling[0m hyper v1.10.1
[1m[32m   Compiling[0m safe_arch v1.0.0
[1m[32m   Compiling[0m tracing v0.1.44
[1m[32m   Compiling[0m idna v1.1.0
[1m[32m   Compiling[0m sync_wrapper v1.0.2
[1m[32m   Compiling[0m colorchoice v1.0.5
[1m[32m   Compiling[0m anstyle-query v1.1.5
[1m[32m   Compiling[0m base64 v0.22.1
[1m[32m   Compiling[0m tower-layer v0.3.3
[1m[32m   Compiling[0m crc32fast v1.5.0
[1m[32m   Compiling[0m anstyle v1.0.14
[1m[32m   Compiling[0m ipnet v2.12.0
[1m[32m   Compiling[0m is_terminal_polyfill v1.70.2
[1m[32m   Compiling[0m anstream v1.0.0
[1m[32m   Compiling[0m hyper-util v0.1.20
[1m[32m   Compiling[0m tower v0.5.3
[1m[32m   Compiling[0m nsb v0.1.0 (/home/runner/work/NSB/NSB/crates/nsb)
[1m[32m   Compiling[0m url v2.5.8
[1m[32m   Compiling[0m wide v1.5.0
[1m[32m   Compiling[0m crypto-common v0.1.7
[1m[32m   Compiling[0m block-buffer v0.10.4
[1m[32m   Compiling[0m quick-xml v0.41.0
[1m[32m   Compiling[0m rustls-webpki v0.103.13
[1m[32m   Compiling[0m csv-core v0.1.13
[1m[32m   Compiling[0m webpki-roots v1.0.8
[1m[32m   Compiling[0m approx v0.5.1
[1m[32m   Compiling[0m simd-adler32 v0.3.9
[1m[32m   Compiling[0m heck v0.5.0
[1m[32m   Compiling[0m adler2 v2.0.1
[1m[32m   Compiling[0m clap_lex v1.1.0
[1m[32m   Compiling[0m strsim v0.11.1
[1m[32m   Compiling[0m log v0.4.33
[1m[32m   Compiling[0m futures-sink v0.3.32
[1m[32m   Compiling[0m tokio-util v0.7.18
[1m[32m   Compiling[0m clap_builder v4.6.0
[1m[32m   Compiling[0m clap_derive v4.6.1
[1m[32m   Compiling[0m tokio-rustls v0.26.4
[1m[32m   Compiling[0m hyper-rustls v0.27.9
[1m[32m   Compiling[0m miniz_oxide v0.8.9
[1m[32m   Compiling[0m csv v1.4.0
[1m[32m   Compiling[0m digest v0.10.7
[1m[32m   Compiling[0m tower-http v0.6.11
[1m[32m   Compiling[0m serde_urlencoded v0.7.1
[1m[32m   Compiling[0m http-body-util v0.1.3
[1m[32m   Compiling[0m flate2 v1.1.9
[1m[32m   Compiling[0m reqwest v0.12.28
[1m[32m   Compiling[0m md-5 v0.10.6
[1m[32m   Compiling[0m clap v4.6.1
[1m[32m   Compiling[0m httpdate v1.0.3
[1m[32m   Compiling[0m getrandom v0.4.3
[1m[32m   Compiling[0m rustix v1.1.4
[1m[32m   Compiling[0m linux-raw-sys v0.12.1
[1m[32m   Compiling[0m fastrand v2.4.1
[1m[32m   Compiling[0m tempfile v3.27.0
[1m[32m   Compiling[0m qtty v0.8.5
[1m[32m   Compiling[0m affn v0.8.0
[1m[32m   Compiling[0m cheby v0.4.0
[1m[32m   Compiling[0m keplerian v0.2.1
[1m[32m   Compiling[0m optica v0.2.0
[1m[32m   Compiling[0m tempoch-core v0.6.5
[1m[32m   Compiling[0m tempoch v0.6.5
[1m[32m   Compiling[0m principia v0.2.1
[1m[32m   Compiling[0m siderust v0.11.0
[1m[32m   Compiling[0m nsb-data-tools v0.1.0 (/home/runner/work/NSB/NSB/crates/nsb-data-tools)
[0m[1m[38;5;9merror[E0277][0m[0m[1m: the trait bound `CoreWrapper<Md5Core>: sha2::Digest` is not satisfied[0m
[0m   [0m[0m[1m[38;5;12m--> [0m[0mcrates/nsb-data-tools/src/checksum_io.rs:145:49[0m
[0m    [0m[0m[1m[38;5;12m|[0m
[0m[1m[38;5;12m145[0m[0m [0m[0m[1m[38;5;12m|[0m[0m [0m[0m        ChecksumAlgorithm::Md5 => digest_file::<Md5>(path, "MD5")?,[0m
[0m    [0m[0m[1m[38;5;12m|[0m[0m                                                 [0m[0m[1m[38;5;9m^^^[0m[0m [0m[0m[1m[38;5;9mthe trait `sha2::digest::FixedOutput` is not implemented for `CoreWrapper<Md5Core>`[0m
[0m    [0m[0m[1m[38;5;12m|[0m
[0m[1m[38;5;10mnote[0m[0m: there are [0m[0m[1m[35mmultiple different versions[0m[0m of crate `[0m[0m[1m[35mdigest[0m[0m` in the dependency graph[0m
[0m   [0m[0m[1m[38;5;12m--> [0m[0m/home/runner/.cargo/registry/src/index.crates.io-1949cf8c6b5b557f/digest-0.11.3/src/lib.rs:96:1[0m
[0m    [0m[0m[1m[38;5;12m|[0m
[0m[1m[38;5;12m96[0m[0m  [0m[0m[1m[38;5;12m|[0m[0m [0m[0mpub trait FixedOutput: Update + OutputSizeUser + Sized {[0m
[0m    [0m[0m[1m[38;5;12m|[0m[0m [0m[0m[1m[38;5;10m^^^^^^^^^^^^^^^^^^^^^^^^^^^^^^^^^^^^^^^^^^^^^^^^^^^^^^[0m[0m [0m[0m[1m[38;5;10mthis is the required trait[0m
[0m    [0m[0m[1m[38;5;12m|[0m
[0m   [0m[0m[1m[38;5;12m::: [0m[0mcrates/nsb-data-tools/src/checksum_io.rs:4:5[0m
[0m    [0m[0m[1m[38;5;12m|[0m
[0m[1m[38;5;12m4[0m[0m   [0m[0m[1m[38;5;12m|[0m[0m [0m[0muse md5::Md5;[0m
[0m    [0m[0m[1m[38;5;12m|[0m[0m     [0m[0m[1m[38;5;12m---[0m[0m [0m[0m[1m[38;5;12mone version of crate `digest` used here, as a dependency of crate `md5`[0m
[0m[1m[38;5;12m5[0m[0m   [0m[0m[1m[38;5;12m|[0m[0m [0m[0muse serde::{Deserialize, Deserializer, Serialize, Serializer};[0m
[0m[1m[38;5;12m6[0m[0m   [0m[0m[1m[38;5;12m|[0m[0m [0m[0muse sha2::{Digest, Sha256};[0m
[0m    [0m[0m[1m[38;5;12m|[0m[0m     [0m[0m[1m[38;5;12m----[0m[0m [0m[0m[1m[38;5;12mone version of crate `digest` used here, as a dependency of crate `sha2`[0m
[0m    [0m[0m[1m[38;5;12m|[0m
[0m   [0m[0m[1m[38;5;12m::: [0m[0m/home/runner/.cargo/registry/src/index.crates.io-1949cf8c6b5b557f/digest-0.10.7/src/core_api/wrapper.rs:24:1[0m
[0m    [0m[0m[1m[38;5;12m|[0m
[0m[1m[38;5;12m24[0m[0m  [0m[0m[1m[38;5;12m|[0m[0m [0m[0mpub struct CoreWrapper<T>[0m
[0m    [0m[0m[1m[38;5;12m|[0m[0m [0m[0m[1m[38;5;12m-------------------------[0m[0m [0m[0m[1m[38;5;12mthis type doesn't implement the required trait[0m
[0m[1m[38;5;12m...[0m
[0m[1m[38;5;12m266[0m[0m [0m[0m[1m[38;5;12m|[0m[0m [0m[0mpub trait CoreProxy: sealed::Sealed {[0m
[0m    [0m[0m[1m[38;5;12m|[0m[0m [0m[0m[1m[38;5;12m-----------------------------------[0m[0m [0m[0m[1m[38;5;12mthis is the found trait[0m
[0m    [0m[0m[1m[38;5;12m= [0m[0m[1mhelp[0m[0m: you can use `[0m[0m[1m[35mcargo tree[0m[0m` to explore your dependency tree[0m
[0m    [0m[0m[1m[38;5;12m= [0m[0m[1mnote[0m[0m: required for `CoreWrapper<Md5Core>` to implement `sha2::Digest`[0m
[0m[1m[38;5;10mnote[0m[0m: required by a bound in `digest_file`[0m
[0m   [0m[0m[1m[38;5;12m--> [0m[0mcrates/nsb-data-tools/src/checksum_io.rs:124:19[0m
[0m    [0m[0m[1m[38;5;12m|[0m
[0m[1m[38;5;12m124[0m[0m [0m[0m[1m[38;5;12m|[0m[0m [0m[0mfn digest_file<D: Digest + Default>(path: &Path, label: &str) -> Result<Vec<u8>> {[0m
[0m    [0m[0m[1m[38;5;12m|[0m[0m                   [0m[0m[1m[38;5;10m^^^^^^[0m[0m [0m[0m[1m[38;5;10mrequired by this bound in `digest_file`[0m

[0m[1m[38;5;9merror[E0277][0m[0m[1m: the trait bound `CoreWrapper<Md5Core>: sha2::Digest` is not satisfied[0m
[0m   [0m[0m[1m[38;5;12m--> [0m[0mcrates/nsb-data-tools/src/checksum_io.rs:145:49[0m
[0m    [0m[0m[1m[38;5;12m|[0m
[0m[1m[38;5;12m145[0m[0m [0m[0m[1m[38;5;12m|[0m[0m [0m[0m        ChecksumAlgorithm::Md5 => digest_file::<Md5>(path, "MD5")?,[0m
[0m    [0m[0m[1m[38;5;12m|[0m[0m                                                 [0m[0m[1m[38;5;9m^^^[0m[0m [0m[0m[1m[38;5;9mthe trait `sha2::digest::HashMarker` is not implemented for `CoreWrapper<Md5Core>`[0m
[0m    [0m[0m[1m[38;5;12m|[0m
[0m[1m[38;5;10mnote[0m[0m: there are [0m[0m[1m[35mmultiple different versions[0m[0m of crate `[0m[0m[1m[35mdigest[0m[0m` in the dependency graph[0m
[0m   [0m[0m[1m[38;5;12m--> [0m[0m/home/runner/.cargo/registry/src/index.crates.io-1949cf8c6b5b557f/digest-0.11.3/src/digest.rs:10:1[0m
[0m    [0m[0m[1m[38;5;12m|[0m
[0m[1m[38;5;12m10[0m[0m  [0m[0m[1m[38;5;12m|[0m[0m [0m[0mpub trait HashMarker {}[0m
[0m    [0m[0m[1m[38;5;12m|[0m[0m [0m[0m[1m[38;5;10m^^^^^^^^^^^^^^^^^^^^[0m[0m [0m[0m[1m[38;5;10mthis is the required trait[0m
[0m    [0m[0m[1m[38;5;12m|[0m
[0m   [0m[0m[1m[38;5;12m::: [0m[0mcrates/nsb-data-tools/src/checksum_io.rs:4:5[0m
[0m    [0m[0m[1m[38;5;12m|[0m
[0m[1m[38;5;12m4[0m[0m   [0m[0m[1m[38;5;12m|[0m[0m [0m[0muse md5::Md5;[0m
[0m    [0m[0m[1m[38;5;12m|[0m[0m     [0m[0m[1m[38;5;12m---[0m[0m [0m[0m[1m[38;5;12mone version of crate `digest` used here, as a dependency of crate `md5`[0m
[0m[1m[38;5;12m5[0m[0m   [0m[0m[1m[38;5;12m|[0m[0m [0m[0muse serde::{Deserialize, Deserializer, Serialize, Serializer};[0m
[0m[1m[38;5;12m6[0m[0m   [0m[0m[1m[38;5;12m|[0m[0m [0m[0muse sha2::{Digest, Sha256};[0m
[0m    [0m[0m[1m[38;5;12m|[0m[0m     [0m[0m[1m[38;5;12m----[0m[0m [0m[0m[1m[38;5;12mone version of crate `digest` used here, as a dependency of crate `sha2`[0m
[0m    [0m[0m[1m[38;5;12m|[0m
[0m   [0m[0m[1m[38;5;12m::: [0m[0m/home/runner/.cargo/registry/src/index.crates.io-1949cf8c6b5b557f/digest-0.10.7/src/core_api/wrapper.rs:24:1[0m
[0m    [0m[0m[1m[38;5;12m|[0m
[0m[1m[38;5;12m24[0m[0m  [0m[0m[1m[38;5;12m|[0m[0m [0m[0mpub struct CoreWrapper<T>[0m
[0m    [0m[0m[1m[38;5;12m|[0m[0m [0m[0m[1m[38;5;12m-------------------------[0m[0m [0m[0m[1m[38;5;12mthis type doesn't implement the required trait[0m
[0m[1m[38;5;12m...[0m
[0m[1m[38;5;12m266[0m[0m [0m[0m[1m[38;5;12m|[0m[0m [0m[0mpub trait CoreProxy: sealed::Sealed {[0m
[0m    [0m[0m[1m[38;5;12m|[0m[0m [0m[0m[1m[38;5;12m-----------------------------------[0m[0m [0m[0m[1m[38;5;12mthis is the found trait[0m
[0m    [0m[0m[1m[38;5;12m= [0m[0m[1mhelp[0m[0m: you can use `[0m[0m[1m[35mcargo tree[0m[0m` to explore your dependency tree[0m
[0m    [0m[0m[1m[38;5;12m= [0m[0m[1mnote[0m[0m: required for `CoreWrapper<Md5Core>` to implement `sha2::Digest`[0m
[0m[1m[38;5;10mnote[0m[0m: required by a bound in `digest_file`[0m
[0m   [0m[0m[1m[38;5;12m--> [0m[0mcrates/nsb-data-tools/src/checksum_io.rs:124:19[0m
[0m    [0m[0m[1m[38;5;12m|[0m
[0m[1m[38;5;12m124[0m[0m [0m[0m[1m[38;5;12m|[0m[0m [0m[0mfn digest_file<D: Digest + Default>(path: &Path, label: &str) -> Result<Vec<u8>> {[0m
[0m    [0m[0m[1m[38;5;12m|[0m[0m                   [0m[0m[1m[38;5;10m^^^^^^[0m[0m [0m[0m[1m[38;5;10mrequired by this bound in `digest_file`[0m

[0m[1m[38;5;9merror[E0308][0m[0m[1m: mismatched types[0m
[0m   [0m[0m[1m[38;5;12m--> [0m[0mcrates/nsb-data-tools/src/checksum_io.rs:148:37[0m
[0m    [0m[0m[1m[38;5;12m|[0m
[0m[1m[38;5;12m148[0m[0m [0m[0m[1m[38;5;12m|[0m[0m [0m[0m    Checksum::new(algorithm, to_hex(&bytes))[0m
[0m    [0m[0m[1m[38;5;12m|[0m[0m                              [0m[0m[1m[38;5;12m------[0m[0m [0m[0m[1m[38;5;9m^^^^^^[0m[0m [0m[0m[1m[38;5;9mexpected `&[u8; 32]`, found `&Vec<u8>`[0m
[0m    [0m[0m[1m[38;5;12m|[0m[0m                              [0m[0m[1m[38;5;12m|[0m
[0m    [0m[0m[1m[38;5;12m|[0m[0m                              [0m[0m[1m[38;5;12marguments to this function are incorrect[0m
[0m    [0m[0m[1m[38;5;12m|[0m
[0m    [0m[0m[1m[38;5;12m= [0m[0m[1mnote[0m[0m: expected reference `&[0m[0m[1m[35m[u8; 32][0m[0m`[0m
[0m               found reference `&[0m[0m[1m[35mVec<u8>[0m[0m`[0m
[0m[1m[38;5;10mnote[0m[0m: function defined here[0m
[0m   [0m[0m[1m[38;5;12m--> [0m[0m/home/runner/.cargo/registry/src/index.crates.io-1949cf8c6b5b557f/siderust-0.11.0/src/checksum.rs:271:8[0m
[0m    [0m[0m[1m[38;5;12m|[0m
[0m[1m[38;5;12m271[0m[0m [0m[0m[1m[38;5;12m|[0m[0m [0m[0mpub fn to_hex(digest: &[u8; 32]) -> String {[0m
[0m    [0m[0m[1m[38;5;12m|[0m[0m        [0m[0m[1m[38;5;10m^^^^^^[0m

[0m[1mSome errors have detailed explanations: E0277, E0308.[0m
[0m[1mFor more information about an error, try `rustc --explain E0277`.[0m
[1m[31merror[0m[1m:[0m could not compile `nsb-data-tools` (lib) due to 3 previous errors
[1m[33mwarning[0m[1m:[0m build failed, waiting for other jobs to finish...
[1m[31merror[0m[1m:[0m could not compile `nsb-data-tools` (lib test) due to 3 previous errors
